Creating filesystem with 20000 1k blocks and 1248 inodes
Superblock backups stored on blocks: 
	8193

Allocating group tables:    done                            
Writing inode tables:    done                            
Creating journal (1024 blocks): done
Writing superblocks and filesystem accounting information:    done

Group 2: (Blocks 16385-19999) [INODE_UNINIT, ITABLE_ZEROED]
  Block bitmap at 83 (bg #0 + 82)
  Inode bitmap at 86 (bg #0 + 85)
  Inode table at 295-398 (bg #0 + 294)
  3615 free blocks, 416 free inodes, 0 directories, 416 unused inodes
  Free blocks: 16385-19999
  Free inodes: 833-1248
Group 2: (Blocks 16385-19999)
  Block bitmap at 83 (bg #0 + 82)
  Inode bitmap at 86 (bg #0 + 85)
  Inode table at 295-398 (bg #0 + 294)
  3615 free blocks, 416 free inodes, 0 directories
  Free blocks: 16385-19999
  Free inodes: 833-1248
Resizing the filesystem on test.img to 20004 (1k) blocks.
The filesystem on test.img is now 20004 (1k) blocks long.

Group 2: (Blocks 16385-20003) [INODE_UNINIT]
  Block bitmap at 83 (bg #0 + 82)
  Inode bitmap at 86 (bg #0 + 85)
  Inode table at 295-398 (bg #0 + 294)
  3619 free blocks, 416 free inodes, 0 directories, 416 unused inodes
  Free blocks: 16385-20003
  Free inodes: 833-1248
Pass 1: Checking inodes, blocks, and sizes
Pass 2: Checking directory structure
Pass 3: Checking directory connectivity
Pass 4: Checking reference counts
Pass 5: Checking group summary information
test.img: 11/1248 files (0.0% non-contiguous), 1517/20004 blocks
