Creating filesystem with 131072 4k blocks and 32768 inodes
Superblock backups stored on blocks: 
	32768, 98304

Allocating group tables:    done                            
Writing inode tables:    done                            
Creating journal (4096 blocks): done
Writing superblocks and filesystem accounting information:    done

Pass 1: Checking inodes, blocks, and sizes
Pass 2: Checking directory structure
Pass 3: Checking directory connectivity
Pass 4: Checking reference counts
Pass 5: Checking group summary information
test_filesys: 11/32768 files (0.0% non-contiguous), 6353/131072 blocks
Exit status is 0
Journal features:         (none)
debugfs write journal
Journal features:         journal_64bit journal_checksum_v3
debugfs: logdump -c
Journal starts at block 0, transaction 1
Pass 1: Checking inodes, blocks, and sizes
Pass 2: Checking directory structure
Pass 3: Checking directory connectivity
Pass 4: Checking reference counts
Pass 5: Checking group summary information
test_filesys: 11/32768 files (0.0% non-contiguous), 6353/131072 blocks
Exit status is 0
