Creating filesystem with 131072 1k blocks and 32768 inodes
Superblock backups stored on blocks: 
	8193, 24577, 40961, 57345, 73729

Allocating group tables:      done                            
Writing inode tables:      done                            
Writing superblocks and filesystem accounting information:      done

Filesystem features: ext_attr resize_inode dir_index filetype sparse_super quota project
Pass 1: Checking inodes, blocks, and sizes
Pass 2: Checking directory structure
Pass 3: Checking directory connectivity
Pass 4: Checking reference counts
Pass 5: Checking group summary information
test_filesys: 12/32768 files (25.0% non-contiguous), 9805/131072 blocks
Exit status is 0
Filesystem volume name:   <none>
Last mounted on:          <not available>
Filesystem magic number:  0xEF53
Filesystem revision #:    1 (dynamic)
Filesystem features:      ext_attr resize_inode dir_index filetype sparse_super quota project
Default mount options:    (none)
Filesystem state:         clean
Errors behavior:          Continue
Filesystem OS type:       Linux
Inode count:              32768
Block count:              131072
Reserved block count:     6553
Free blocks:              121267
Free inodes:              32756
First block:              1
Block size:               1024
Fragment size:            1024
Reserved GDT blocks:      256
Blocks per group:         8192
Fragments per group:      8192
Inodes per group:         2048
Inode blocks per group:   512
Mount count:              0
Check interval:           15552000 (6 months)
Reserved blocks uid:      0
Reserved blocks gid:      0
First inode:              11
Inode size:	          256
Required extra isize:     32
Desired extra isize:      32
Default directory hash:   half_md4
User quota inode:         3
Group quota inode:        4
Project quota inode:      12


Group 0: (Blocks 1-8192)
  Primary superblock at 1, Group descriptors at 2-2
  Reserved GDT blocks at 3-258
  Block bitmap at 259 (+258), Inode bitmap at 260 (+259)
  Inode table at 261-772 (+260)
  7388 free blocks, 2036 free inodes, 2 directories
  Free blocks: 805-8192
  Free inodes: 13-2048
Group 1: (Blocks 8193-16384)
  Backup superblock at 8193, Group descriptors at 8194-8194
  Reserved GDT blocks at 8195-8450
  Block bitmap at 8451 (+258), Inode bitmap at 8452 (+259)
  Inode table at 8453-8964 (+260)
  7420 free blocks, 2048 free inodes, 0 directories
  Free blocks: 8965-16384
  Free inodes: 2049-4096
Group 2: (Blocks 16385-24576)
  Block bitmap at 16385 (+0), Inode bitmap at 16386 (+1)
  Inode table at 16387-16898 (+2)
  7678 free blocks, 2048 free inodes, 0 directories
  Free blocks: 16899-24576
  Free inodes: 4097-6144
Group 3: (Blocks 24577-32768)
  Backup superblock at 24577, Group descriptors at 24578-24578
  Reserved GDT blocks at 24579-24834
  Block bitmap at 24835 (+258), Inode bitmap at 24836 (+259)
  Inode table at 24837-25348 (+260)
  7420 free blocks, 2048 free inodes, 0 directories
  Free blocks: 25349-32768
  Free inodes: 6145-8192
Group 4: (Blocks 32769-40960)
  Block bitmap at 32769 (+0), Inode bitmap at 32770 (+1)
  Inode table at 32771-33282 (+2)
  7678 free blocks, 2048 free inodes, 0 directories
  Free blocks: 33283-40960
  Free inodes: 8193-10240
Group 5: (Blocks 40961-49152)
  Backup superblock at 40961, Group descriptors at 40962-40962
  Reserved GDT blocks at 40963-41218
  Block bitmap at 41219 (+258), Inode bitmap at 41220 (+259)
  Inode table at 41221-41732 (+260)
  7420 free blocks, 2048 free inodes, 0 directories
  Free blocks: 41733-49152
  Free inodes: 10241-12288
Group 6: (Blocks 49153-57344)
  Block bitmap at 49153 (+0), Inode bitmap at 49154 (+1)
  Inode table at 49155-49666 (+2)
  7678 free blocks, 2048 free inodes, 0 directories
  Free blocks: 49667-57344
  Free inodes: 12289-14336
Group 7: (Blocks 57345-65536)
  Backup superblock at 57345, Group descriptors at 57346-57346
  Reserved GDT blocks at 57347-57602
  Block bitmap at 57603 (+258), Inode bitmap at 57604 (+259)
  Inode table at 57605-58116 (+260)
  7420 free blocks, 2048 free inodes, 0 directories
  Free blocks: 58117-65536
  Free inodes: 14337-16384
Group 8: (Blocks 65537-73728)
  Block bitmap at 65537 (+0), Inode bitmap at 65538 (+1)
  Inode table at 65539-66050 (+2)
  7678 free blocks, 2048 free inodes, 0 directories
  Free blocks: 66051-73728
  Free inodes: 16385-18432
Group 9: (Blocks 73729-81920)
  Backup superblock at 73729, Group descriptors at 73730-73730
  Reserved GDT blocks at 73731-73986
  Block bitmap at 73987 (+258), Inode bitmap at 73988 (+259)
  Inode table at 73989-74500 (+260)
  7420 free blocks, 2048 free inodes, 0 directories
  Free blocks: 74501-81920
  Free inodes: 18433-20480
Group 10: (Blocks 81921-90112)
  Block bitmap at 81921 (+0), Inode bitmap at 81922 (+1)
  Inode table at 81923-82434 (+2)
  7678 free blocks, 2048 free inodes, 0 directories
  Free blocks: 82435-90112
  Free inodes: 20481-22528
Group 11: (Blocks 90113-98304)
  Block bitmap at 90113 (+0), Inode bitmap at 90114 (+1)
  Inode table at 90115-90626 (+2)
  7678 free blocks, 2048 free inodes, 0 directories
  Free blocks: 90627-98304
  Free inodes: 22529-24576
Group 12: (Blocks 98305-106496)
  Block bitmap at 98305 (+0), Inode bitmap at 98306 (+1)
  Inode table at 98307-98818 (+2)
  7678 free blocks, 2048 free inodes, 0 directories
  Free blocks: 98819-106496
  Free inodes: 24577-26624
Group 13: (Blocks 106497-114688)
  Block bitmap at 106497 (+0), Inode bitmap at 106498 (+1)
  Inode table at 106499-107010 (+2)
  7678 free blocks, 2048 free inodes, 0 directories
  Free blocks: 107011-114688
  Free inodes: 26625-28672
Group 14: (Blocks 114689-122880)
  Block bitmap at 114689 (+0), Inode bitmap at 114690 (+1)
  Inode table at 114691-115202 (+2)
  7678 free blocks, 2048 free inodes, 0 directories
  Free blocks: 115203-122880
  Free inodes: 28673-30720
Group 15: (Blocks 122881-131071)
  Block bitmap at 122881 (+0), Inode bitmap at 122882 (+1)
  Inode table at 122883-123394 (+2)
  7677 free blocks, 2048 free inodes, 0 directories
  Free blocks: 123395-131071
  Free inodes: 30721-32768
